
> monaco-pine-validator@0.0.0 test:validator:full
> node tests/run-all-tests.js --full

🧪 Pine Script v6 Validator - Running All Tests
============================================================

📋 Running: Full validator spec suite
🧾 Pattern: tests/specs/all-validation-tests.spec.ts
--------------------------------------------------

 RUN  v1.6.1 /Users/egr/Desktop/TradeSync/pine-validator

stdout | displaySuiteMetadata (/Users/egr/Desktop/TradeSync/pine-validator/tests/specs/all-validation-tests.spec.ts:113:11)
🧪 Pine Script v6 Validator Test Suite Loaded

stdout | displaySuiteMetadata (/Users/egr/Desktop/TradeSync/pine-validator/tests/specs/all-validation-tests.spec.ts:114:11)
📊 Mode: full

stdout | displaySuiteMetadata (/Users/egr/Desktop/TradeSync/pine-validator/tests/specs/all-validation-tests.spec.ts:115:11)
📊 Total Test Modules: 52

stdout | displaySuiteMetadata (/Users/egr/Desktop/TradeSync/pine-validator/tests/specs/all-validation-tests.spec.ts:116:11)
📋 Test Modules: Array Validation, Map Validation, String Functions Validation, Input Functions Validation, Advanced Input Parameters Validation, Color Functions Validation, Drawing Functions Validation, Table Advanced Validation, Polyline Functions Validation, TA Functions Validation, Math Functions Validation, Strategy Functions Validation, Advanced Strategy Functions Validation, Dynamic Data Validation, Dynamic Request Advanced Validation, Request Functions Advanced Validation, Enum Validation, Function Validation, History Referencing Validation, Matrix Validation, Migration Verification, Switch Statement Validation, Text Formatting Validation, Time/Date Functions Validation, Alert Functions Validation, Builtin Variables Validation, Syminfo Variables Validation, Final Constants Validation, Type Inference Validation, UDT Validation, Ultimate Validator Enhanced, Ultimate Validator, V6 Advanced Features, V6 Comprehensive Features, V6 Enhanced Features, Varip Validation, While Loop Validation, Dynamic Loop Validation, Lazy Evaluation Validation, Linefill Validation, Strategy Order Limits Validation, Enhanced Textbox Validation, Negative Array Indices Fix, Boolean Optimisation Validation, Text Typography Validation, Ticker Validation, Syminfo Session Timezone Advanced, Drawing Styling Enums Advanced, Strategy Risk & Commission Advanced, Validator Scenario Fixtures, Validator Smoke Suite, Validator architecture integration tests

stdout | tests/specs/all-validation-tests.spec.ts > Migration Verification - EnhancedPineScriptValidator Features > V6 Specific Features > should validate array operations
Array operations errors: [
  {
    line: 8,
    column: 1,
    message: "Parameter 'series' of 'plot' should be series, got array",
    severity: 'error',
    code: 'PSV6-FUNCTION-PARAM-TYPE',
    suggestion: undefined
  }
]

stdout | tests/specs/all-validation-tests.spec.ts > UltimateValidator Enhanced Features > Integration Tests > validates complex real-world script
Complex script errors: [
  'PSV6-ALERT-CONDITION-TYPE: Unable to determine alert condition type. Expected a series bool expression.',
  'PSV6-ALERT-CONDITION-TYPE: Unable to determine alert condition type. Expected a series bool expression.'
]

stdout | tests/specs/all-validation-tests.spec.ts > Blocks / brackets / indentation > warns on curly braces and errors on imbalance
Braces errors: [ 'PS011' ] warnings: []

stdout | tests/specs/all-validation-tests.spec.ts > Blocks / brackets / indentation > warns on mixed tabs/spaces and inconsistent indent
Indent warnings: [ 'PSI02' ]

stdout | tests/specs/all-validation-tests.spec.ts > Pine Script V6 Advanced Validation > Complex Boolean Logic & Ternary Operators > should fail on ternary type mismatch
Ternary type mismatch errors: [
  'PSV6-TYPE-ASSIGNMENT-MISMATCH',
  'PSV6-TYPE-ANNOTATION-MISMATCH',
  'PSV6-TERNARY-TYPE'
]

stdout | tests/specs/all-validation-tests.spec.ts > Pine Script V6 Advanced Validation > UDTs as Function Parameters & Advanced Methods > should warn about calling method on non-UDT variable
Method on non-UDT errors: [ 'PSV6-FUNCTION-UNKNOWN', 'PSV6-ENUM-UNDEFINED-TYPE' ]

 ❯ tests/specs/all-validation-tests.spec.ts  (1184 tests | 73 failed) 2487ms
   ❯ tests/specs/all-validation-tests.spec.ts > Enum Validation (TDD) > PSV6-ENUM-FUNCTION: Enum in Function Parameters > should error on wrong enum type in function call
     → expected [] to deeply equal ArrayContaining{…}
   ❯ tests/specs/all-validation-tests.spec.ts > Function Validation (TDD) > PSV6-FUNCTION: Built-in Function Validation > should validate correct built-in function calls
     → expected false to be true // Object.is equality
   ❯ tests/specs/all-validation-tests.spec.ts > Function Validation (TDD) > PSV6-FUNCTION-USER: User Function Validation > should error on inconsistent function return types
     → expected [] to deeply equal ArrayContaining{…}
   ❯ tests/specs/all-validation-tests.spec.ts > Function Validation (TDD) > PSV6-FUNCTION-STYLE: Function Style Validation > should warn on overly complex functions
     → expected [ 'PSV6-SYNTAX-ERROR' ] to deeply equal ArrayContaining{…}
   ❯ tests/specs/all-validation-tests.spec.ts > Function Validation (TDD) > PSV6-FUNCTION-STYLE: Function Style Validation > should suggest function documentation
     → expected [ 'PSU-PARAM' ] to deeply equal ArrayContaining{…}
   ❯ tests/specs/all-validation-tests.spec.ts > Migration Verification - EnhancedPineScriptValidator Features > V6 Specific Features > should validate array operations
     → expected false to be true // Object.is equality
   ❯ tests/specs/all-validation-tests.spec.ts > Migration Verification - EnhancedPineScriptValidator Features > V6 Specific Features > should validate matrix operations
     → expected false to be true // Object.is equality
   ❯ tests/specs/all-validation-tests.spec.ts > Migration Verification - EnhancedPineScriptValidator Features > Complex Integration Test > should validate a complex script with all features
     → expected 2 to be +0 // Object.is equality
   ❯ tests/specs/all-validation-tests.spec.ts > Switch Statement Validation (TDD) > PSV6-SWITCH: Switch Statement Validation > should error on invalid switch syntax
     → expected [] to include 'PSV6-SWITCH-SYNTAX'
   ❯ tests/specs/all-validation-tests.spec.ts > Switch Statement Validation (TDD) > PSV6-SWITCH-PERF: Switch Performance Validation > should warn on deeply nested switch statements
     → expected [ 'AST-PARSE' ] to include 'PSV6-SWITCH-DEEP-NESTING'
   ❯ tests/specs/all-validation-tests.spec.ts > Alert Functions Validation > PSV6-ALERT-CONDITIONS: Alert Condition Validation > should validate alertcondition function usage
     → expected false to be true // Object.is equality
   ❯ tests/specs/all-validation-tests.spec.ts > Built-in Variables Validation > PSV6-DISPLAY-CONSTANTS: Display Built-in Constants > should validate display.all and display.none usage
     → expected false to be true // Object.is equality
   ❯ tests/specs/all-validation-tests.spec.ts > Built-in Variables Validation > PSV6-BUILTIN-VARS-INTEGRATION: Built-in Variables Integration > should provide appropriate information for scripts without specialized constants
     → expected false to be true // Object.is equality
   ❯ tests/specs/all-validation-tests.spec.ts > Type Inference Validation (TDD) > PSV6-TYPE-SAFETY: Type Safety Validation > should warn on unsafe na operations
     → expected [ 'PSV6-TYPE-INFERENCE-AMBIGUOUS' ] to deeply equal ArrayContaining{…}
   ❯ tests/specs/all-validation-tests.spec.ts > Type Inference Validation (TDD) > PSV6-TYPE-SAFETY: Type Safety Validation > should warn on na literal usage
     → expected [] to deeply equal ArrayContaining{…}
   ❯ tests/specs/all-validation-tests.spec.ts > Type Inference Validation (TDD) > PSV6-TYPE-ANNOTATION: Type Annotation Validation > should suggest type annotations
     → expected [] to deeply equal ArrayContaining{…}
   ❯ tests/specs/all-validation-tests.spec.ts > UDT Validation (TDD) > PSV6-METHOD: Method Declaration Validation > should error on method without this parameter
     → expected [] to deeply equal ArrayContaining ["PSV6-METHOD-THIS"]
   ❯ tests/specs/all-validation-tests.spec.ts > UltimateValidator Enhanced Features > Strategy-Specific Validation > warns when strategy lacks commission settings
     → expected [ Array(2) ] to include 'PSV6-STRATEGY-REALISM'
   ❯ tests/specs/all-validation-tests.spec.ts > UltimateValidator Enhanced Features > Strategy-Specific Validation > suggests risk management for strategies
     → expected [ Array(1) ] to include 'PSV6-STRATEGY-RISK'
   ❯ tests/specs/all-validation-tests.spec.ts > UltimateValidator Enhanced Features > Strategy-Specific Validation > warns on missing stop loss in strategy
     → expected [ Array(2) ] to include 'PSV6-STRATEGY-NO-EXIT'
   ❯ tests/specs/all-validation-tests.spec.ts > UltimateValidator Enhanced Features > Enhanced Type Safety & Inference > validates function return type consistency
     → expected [] to include 'PSV6-FUNCTION-RETURN-TYPE'
   ❯ tests/specs/all-validation-tests.spec.ts > UltimateValidator Enhanced Features > Code Quality & Style Enforcement > warns on overly complex functions
     → expected [ 'PSV6-SYNTAX-ERROR' ] to include 'PSV6-STYLE-COMPLEXITY'
   ❯ tests/specs/all-validation-tests.spec.ts > Declarations / assignments / shadowing > warns on shadowing and same-block redeclare
     → expected [ 'PS014' ] to include 'PSW04'
   ❯ tests/specs/all-validation-tests.spec.ts > Declarations / assignments / shadowing > requires := when assigning to UDT fields
     → expected [] to include 'PS016'
   ❯ tests/specs/all-validation-tests.spec.ts > Operators / conditions > warns on invalid operators
     → expected [ 'AST-PARSE' ] to include 'PSO01'
   ❯ tests/specs/all-validation-tests.spec.ts > Operators / conditions > flags "=" in conditions
     → expected [ 'AST-PARSE' ] to include 'PSO02'
   ❯ tests/specs/all-validation-tests.spec.ts > Operators / conditions > warns on direct comparison to na
     → expected [] to include 'PS023'
   ❯ tests/specs/all-validation-tests.spec.ts > Pine Script V6 Advanced Validation > Advanced Scoping & Multiline Syntax > should handle multiline function calls with comments
     → expected [] to include 'PS007'
   ❯ tests/specs/all-validation-tests.spec.ts > Pine Script V6 Advanced Validation > Complex Boolean Logic & Ternary Operators > should pass series bool condition in ternary
     → expected false to be true // Object.is equality
   ❯ tests/specs/all-validation-tests.spec.ts > Pine Script V6 Comprehensive Validation > User-Defined Types & Methods > should fail on method without this as first parameter
     → expected [] to include 'PSV6-METHOD-THIS'
   ❯ tests/specs/all-validation-tests.spec.ts > Pine Script V6 Comprehensive Validation > Migration Assistance > should warn on old na comparison syntax
     → expected [ 'PSV6-LABEL-COORDINATE-TYPE', …(1) ] to include 'PS023'
   ❯ tests/specs/all-validation-tests.spec.ts > Pine Script V6 Enhanced Features (TDD) > Code Quality Metrics > PSV6-QUALITY-COMPLEXITY: Cyclomatic complexity > should warn about high cyclomatic complexity
     → expected [ 'PSV6-LAZY-EVAL-CONDITIONAL', …(3) ] to include 'PSV6-QUALITY-COMPLEXITY'
   ❯ tests/specs/all-validation-tests.spec.ts > Pine Script V6 Enhanced Features (TDD) > Code Quality Metrics > PSV6-QUALITY-DEPTH: Nesting depth warnings > should warn about excessive nesting depth
     → expected [ 'PSV6-SYNTAX-ERROR' ] to include 'PSV6-QUALITY-DEPTH'
   ❯ tests/specs/all-validation-tests.spec.ts > Varip Validation (TDD) > PSV6-VARIP-PERFORMANCE: Varip Performance Validation > should warn on varip in strategy scripts
     → expected [] to deeply equal ArrayContaining ["PSV6-VARIP-STRATEGY"]
   ❯ tests/specs/all-validation-tests.spec.ts > While Loop Validation (TDD) > PSV6-WHILE-SYNTAX: While Loop Syntax Validation > should error on empty while condition
     → expected [] to deeply equal ArrayContaining{…}
   ❯ tests/specs/all-validation-tests.spec.ts > While Loop Validation (TDD) > PSV6-WHILE-SYNTAX: While Loop Syntax Validation > should error on missing end statement
     → expected [] to deeply equal ArrayContaining{…}
   ❯ tests/specs/all-validation-tests.spec.ts > LinefillValidator > Edge Cases > should handle malformed linefill syntax
     → expected 0 to be greater than 0
   ❯ tests/specs/all-validation-tests.spec.ts > EnhancedTextboxValidator > Error Handling and Edge Cases > should handle malformed text parameters
     → expected 0 to be greater than or equal to 1
   ❯ tests/specs/all-validation-tests.spec.ts > Validator scenario fixtures > strategy_metrics
     → expected [ 'PSV6-TA-PERF-NESTED', …(2) ] to include 'PSV6-STRATEGY-NO-EXIT'
   ❯ tests/specs/all-validation-tests.spec.ts > Validator scenario fixtures > strategy_no_orders
     → expected [ 'PS015' ] to include 'PSV6-STRATEGY-REALISM'
   ❯ tests/specs/all-validation-tests.spec.ts > Validator scenario fixtures > udt_basic_methods_valid
     → expected [ 'PSV6-SYNTAX-ERROR' ] to include 'PSV6-MATH-PERF-NESTED'
   ❯ tests/specs/all-validation-tests.spec.ts > Validator scenario fixtures > udt_duplicate_field_error
     → expected [] to include 'PSV6-UDT-DUPLICATE-FIELD'
   ❯ tests/specs/all-validation-tests.spec.ts > Validator scenario fixtures > udt_method_missing_this
     → expected [ 'PSV6-UDT-FIELD-NOT-FOUND' ] to include 'PS016'
   ❯ tests/specs/all-validation-tests.spec.ts > Validator scenario fixtures > na_comparison_warning
     → expected [] to include 'PS023'
   ❯ tests/specs/all-validation-tests.spec.ts > Validator scenario fixtures > request_security_missing_param
     → expected [ 'PSV6-FUNCTION-PARAM-COUNT', …(2) ] to include 'PSV6-FUNCTION-PARAM-TYPE'
   ❯ tests/specs/all-validation-tests.spec.ts > Validator scenario fixtures > request_seed_repository_dynamic
     → expected [ …(4) ] to include 'PSV6-TYPE-SAFETY-NA-FUNCTION'
   ❯ tests/specs/all-validation-tests.spec.ts > Validator scenario fixtures > request_financial_missing_params
     → expected [] to include 'PSV6-TYPE-SAFETY-NA-FUNCTION'
   ❯ tests/specs/all-validation-tests.spec.ts > Validator scenario fixtures > request_financial_invalid_period
     → expected [ 'PSV6-REQUEST-FINANCIAL-ID', …(2) ] to include 'PSV6-TYPE-SAFETY-NA-FUNCTION'
   ❯ tests/specs/all-validation-tests.spec.ts > Validator scenario fixtures > request_financial_invalid_gaps
     → expected [ 'PSV6-REQUEST-GAPS-INVALID', …(1) ] to include 'PSV6-TYPE-SAFETY-NA-FUNCTION'
   ❯ tests/specs/all-validation-tests.spec.ts > Validator scenario fixtures > request_financial_barmarge_invalid
     → expected [ 'PSV6-REQUEST-GAPS-BARMERGE', …(1) ] to include 'PSV6-TYPE-SAFETY-NA-FUNCTION'
   ❯ tests/specs/all-validation-tests.spec.ts > Validator scenario fixtures > request_security_lower_tf_missing
     → expected [ 'PSV6-FUNCTION-PARAM-COUNT', …(2) ] to include 'PSV6-TYPE-FUNCTION-PARAM-MISMATCH'
   ❯ tests/specs/all-validation-tests.spec.ts > Validator scenario fixtures > request_seed_dynamic_symbol
     → expected [ 'PSV6-REQUEST-SEED-SYMBOL', …(1) ] to include 'PSV6-TYPE-SAFETY-NA-FUNCTION'
   ❯ tests/specs/all-validation-tests.spec.ts > Validator scenario fixtures > request_security_dynamic_timeframe
     → expected [ 'PSV6-REPAINT-SECURITY', …(2) ] to include 'PSV6-TYPE-SAFETY-NA-FUNCTION'
   ❯ tests/specs/all-validation-tests.spec.ts > Validator scenario fixtures > request_security_dynamic_symbol
     → expected [ 'PSV6-REPAINT-SECURITY', …(1) ] to include 'PSV6-TYPE-SAFETY-NA-FUNCTION'
   ❯ tests/specs/all-validation-tests.spec.ts > Validator scenario fixtures > request_security_dynamic_loop
     → expected [ 'PSV6-STR-PERF-LOOP', …(8) ] to include 'PSV6-TYPE-SAFETY-NA-FUNCTION'
   ❯ tests/specs/all-validation-tests.spec.ts > Validator scenario fixtures > request_security_dynamic_conditional
     → expected [ 'PSV6-LAZY-EVAL-CONDITIONAL', …(3) ] to include 'PSV6-TYPE-SAFETY-NA-FUNCTION'
   ❯ tests/specs/all-validation-tests.spec.ts > Validator scenario fixtures > request_security_ignore_invalid_timeframe
     → expected [] to include 'PSV6-FUNCTION-PARAM-TYPE'
   ❯ tests/specs/all-validation-tests.spec.ts > Validator scenario fixtures > input_string_default_non_literal
     → expected [ 'PSV6-INPUT-DEFAULT-TYPE' ] to include 'PSV6-TYPE-SAFETY-NA-FUNCTION'
   ❯ tests/specs/all-validation-tests.spec.ts > Validator scenario fixtures > request_currency_rate_dynamic_inputs
     → expected [ 'PSV6-TYPE-INFERENCE-AMBIGUOUS' ] to include 'PSV6-TYPE-SAFETY-NA-FUNCTION'
   ❯ tests/specs/all-validation-tests.spec.ts > Validator scenario fixtures > request_seed_calc_bars_dynamic
     → expected [] to include 'PSV6-TYPE-SAFETY-NA-FUNCTION'
   ❯ tests/specs/all-validation-tests.spec.ts > Validator scenario fixtures > request_financial_valid_usage
     → expected [] to include 'PSV6-TYPE-SAFETY-NA-FUNCTION'
   ❯ tests/specs/all-validation-tests.spec.ts > Validator scenario fixtures > request_financial_dynamic_symbol
     → expected [ …(2) ] to include 'PSV6-TYPE-SAFETY-NA-FUNCTION'
   ❯ tests/specs/all-validation-tests.spec.ts > Validator scenario fixtures > request_financial_dynamic_field
     → expected [ Array(2) ] to include 'PSV6-TYPE-SAFETY-NA-FUNCTION'
   ❯ tests/specs/all-validation-tests.spec.ts > Validator scenario fixtures > request_financial_unknown_period
     → expected [ …(2) ] to include 'PSV6-TYPE-SAFETY-NA-FUNCTION'
   ❯ tests/specs/all-validation-tests.spec.ts > Validator scenario fixtures > request_financial_invalid_currency_literal
     → expected [] to include 'PSV6-TYPE-SAFETY-NA-FUNCTION'
   ❯ tests/specs/all-validation-tests.spec.ts > Validator scenario fixtures > request_financial_named_gaps_invalid
     → expected [ 'PSV6-REQUEST-GAPS-INVALID', …(1) ] to include 'PSV6-TYPE-SAFETY-NA-FUNCTION'
   ❯ tests/specs/all-validation-tests.spec.ts > Validator scenario fixtures > request_financial_lookahead_invalid
     → expected [ …(2) ] to include 'PSV6-TYPE-SAFETY-NA-FUNCTION'
   ❯ tests/specs/all-validation-tests.spec.ts > Validator scenario fixtures > request_financial_period_dynamic
     → expected [] to include 'PSV6-TYPE-SAFETY-NA-FUNCTION'
   ❯ tests/specs/all-validation-tests.spec.ts > Validator scenario fixtures > request_advanced_performance_multiple
     → expected [ …(2) ] to include 'PSV6-TYPE-SAFETY-NA-FUNCTION'
   ❯ tests/specs/all-validation-tests.spec.ts > Validator scenario fixtures > request_economic_dynamic_country
     → expected [ 'PSV6-TYPE-INFERENCE-AMBIGUOUS' ] to include 'PSV6-TYPE-SAFETY-NA-FUNCTION'
   ❯ tests/specs/all-validation-tests.spec.ts > Validator scenario fixtures > request_splits_valid_usage
     → expected [ Array(1) ] to include 'PSV6-TYPE-SAFETY-NA-FUNCTION'
   ❯ tests/specs/all-validation-tests.spec.ts > Validator scenario fixtures > request_splits_invalid_lookahead
     → expected [ …(2) ] to include 'PSV6-TYPE-SAFETY-NA-FUNCTION'
   ❯ tests/specs/all-validation-tests.spec.ts > Validator scenario fixtures > request_security_dynamic_timeframe_expr
     → expected [ 'PSV6-REPAINT-SECURITY', …(1) ] to include 'PSV6-TYPE-SAFETY-NA-FUNCTION'

 Test Files  1 failed (1)
      Tests  73 failed | 1111 passed (1184)
   Start at  20:48:03
   Duration  7.84s (transform 1.72s, setup 0ms, collect 3.17s, tests 2.49s, environment 0ms, prepare 1.39s)


❌ Full validator spec suite - FAILED

📋 Running: AST module harness
🧾 Pattern: tests/ast/**/*.test.ts
--------------------------------------------------

 RUN  v1.6.1 /Users/egr/Desktop/TradeSync/pine-validator

 ✓ tests/ast/fixture-snapshots.test.ts  (4 tests) 83ms
 ✓ tests/ast/scope-builder.test.ts  (6 tests) 65ms
 ✓ tests/ast/type-inference.test.ts  (8 tests) 175ms
 ✓ tests/ast/chevrotain-parser.test.ts  (34 tests) 204ms
 ✓ tests/ast/strategy-order-limits-validator-ast.test.ts  (8 tests) 123ms
 ✓ tests/ast/core-validator-ast.test.ts  (40 tests) 300ms
 ✓ tests/ast/syntax-validator-ast.test.ts  (7 tests) 52ms
 ✓ tests/ast/ticker-functions-validator-ast.test.ts  (6 tests) 80ms
 ✓ tests/ast/scope-validator-ast.test.ts  (8 tests) 164ms
 ✓ tests/ast/semantic-golden.test.ts  (2 tests) 198ms
 ✓ tests/ast/v6-features-validator-ast.test.ts  (8 tests) 77ms
 ✓ tests/ast/while-loop-validator-ast.test.ts  (6 tests) 88ms
 ✓ tests/ast/dynamic-data-validator-ast.test.ts  (7 tests) 160ms
 ✓ tests/ast/enhanced-performance-validator-ast.test.ts  (8 tests) 80ms
 ✓ tests/ast/function-validator-ast.test.ts  (8 tests) 125ms
 ✓ tests/ast/type-validator-ast.test.ts  (5 tests) 153ms
 ✓ tests/ast/type-inference-validator-ast.test.ts  (4 tests) 54ms
 ✓ tests/ast/switch-validator-ast.test.ts  (6 tests) 99ms
 ✓ tests/ast/lazy-evaluation-validator-ast.test.ts  (5 tests) 121ms
 ✓ tests/ast/enhanced-strategy-validator-ast.test.ts  (8 tests) 134ms
 ✓ tests/ast/udt-validator-ast.test.ts  (7 tests) 55ms
 ✓ tests/ast/matrix-validator-ast.test.ts  (4 tests) 66ms
 ✓ tests/ast/input-functions-validator-ast.test.ts  (5 tests) 82ms
 ✓ tests/ast/time-date-functions-validator-ast.test.ts  (6 tests) 59ms
 ✓ tests/ast/enhanced-resource-validator-ast.test.ts  (5 tests) 72ms
 ✓ tests/ast/enum-validator-ast.test.ts  (5 tests) 98ms
 ✓ tests/ast/function-declarations-ast.test.ts  (5 tests) 79ms
 ✓ tests/ast/linefill-validator-ast.test.ts  (5 tests) 75ms
 ✓ tests/ast/varip-validator-ast.test.ts  (6 tests) 51ms
 ✓ tests/ast/math-functions-validator-ast.test.ts  (5 tests) 52ms
 ✓ tests/ast/traversal-schema.test.ts  (7 tests) 59ms
 ✓ tests/ast/array-validator-ast.test.ts  (4 tests) 51ms
 ✓ tests/ast/enhanced-semantic-validator-ast.test.ts  (5 tests) 48ms
 ✓ tests/ast/enhanced-boolean-validator-ast.test.ts  (5 tests) 93ms
 ✓ tests/ast/drawing-functions-validator-ast.test.ts  (5 tests) 68ms
 ✓ tests/ast/monaco-worker.test.ts  (3 tests) 95ms
 ✓ tests/ast/monaco-worker-harness.test.ts  (3 tests) 68ms
 ✓ tests/ast/enhanced-library-validator-ast.test.ts  (7 tests) 67ms
 ✓ tests/ast/polyline-functions-validator-ast.test.ts  (4 tests) 75ms
 ✓ tests/ast/map-validator-ast.test.ts  (4 tests) 76ms
 ✓ tests/ast/style-validator-ast.test.ts  (5 tests) 89ms
 ✓ tests/ast/alert-functions-validator-ast.test.ts  (4 tests) 57ms
 ✓ tests/ast/ta-functions-validator-ast.test.ts  (5 tests) 93ms
 ✓ tests/ast/enhanced-migration-validator-ast.test.ts  (4 tests) 80ms
 ✓ tests/ast/monaco-worker-client.test.ts  (4 tests) 48ms
 ✓ tests/ast/string-functions-validator-ast.test.ts  (4 tests) 47ms
 ✓ tests/ast/performance-validator-ast.test.ts  (4 tests) 70ms
 ✓ tests/ast/text-formatting-validator-ast.test.ts  (4 tests) 80ms
 ✓ tests/ast/enhanced-quality-validator-ast.test.ts  (4 tests) 92ms
 ✓ tests/ast/strategy-functions-validator-ast.test.ts  (4 tests) 36ms
 ✓ tests/ast/control-flow.test.ts  (4 tests) 36ms
 ✓ tests/ast/helper.test.ts  (8 tests) 80ms
 ✓ tests/ast/enhanced-textbox-validator-ast.test.ts  (4 tests) 47ms
 ✓ tests/e2e/monaco-worker.e2e.test.ts  (3 tests) 828ms
 ✓ tests/ast/enhanced-method-validator-ast.test.ts  (2 tests) 39ms
 ✓ tests/ast/syminfo-variables-validator-ast.test.ts  (4 tests) 74ms
 ✓ tests/ast/gap.test.ts  (3 tests) 116ms
 ✓ tests/ast/function-types-validator-ast.test.ts  (4 tests) 57ms
 ✓ tests/ast/final-constants-validator-ast.test.ts  (2 tests) 30ms
 ✓ tests/ast/node.test.ts  (5 tests) 102ms
 ✓ tests/ast/visitor.test.ts  (2 tests) 26ms
 ✓ tests/ast/pipeline.test.ts  (3 tests) 37ms
 ✓ tests/ast/builtin-variables-validator.test.ts  (2 tests) 60ms
 ✓ tests/ast/history-referencing-validator.test.ts  (2 tests) 79ms
 ✓ tests/ast/dynamic-loop-validator.test.ts  (3 tests) 109ms
 ✓ tests/ast/collector.test.ts  (2 tests) 17ms
 ✓ tests/ast/diagnostic-helpers.test.ts  (3 tests) 33ms
 ✓ tests/ast/error.test.ts  (3 tests) 12ms
 ✓ tests/ast/lexer.test.ts  (3 tests) 15ms

 Test Files  69 passed (69)
      Tests  392 passed (392)
   Start at  20:48:12
   Duration  16.25s (transform 3.92s, setup 2ms, collect 49.41s, tests 6.41s, environment 12ms, prepare 14.18s)


✅ AST module harness - PASSED

============================================================
📊 Test Summary:
✅ Passed: 1
❌ Failed: 1
📈 Total: 2

⚠️  Some test suites failed. Please check the output above.
