// Vitest Snapshot v1, https://vitest.dev/guide/snapshot.html

exports[`LuxAlgo Volume Bubbles script > captures current validator output 1`] = `
{
  "errors": [
    {
      "code": "PS016",
      "column": 15,
      "line": 266,
      "message": "Variable 'rowSize' not declared before ':='. Use '=' on first assignment.",
    },
    {
      "code": "PS016",
      "column": 18,
      "line": 284,
      "message": "Variable 'lastBar' not declared before ':='. Use '=' on first assignment.",
    },
    {
      "code": "PS016",
      "column": 26,
      "line": 291,
      "message": "Variable 'extend' not declared before ':='. Use '=' on first assignment.",
    },
    {
      "code": "PS016",
      "column": 23,
      "line": 295,
      "message": "Variable 'maxVolume' not declared before ':='. Use '=' on first assignment.",
    },
    {
      "code": "PSV6-ENUM-TYPE-MISMATCH",
      "column": 1,
      "line": 122,
      "message": "Type mismatch: expected timeframe, got bool",
    },
    {
      "code": "PSV6-ENUM-TYPE-MISMATCH",
      "column": 1,
      "line": 151,
      "message": "Type mismatch: expected bubbles, got bubble",
    },
    {
      "code": "PSV6-ENUM-UNDEFINED-TYPE",
      "column": 1,
      "line": 183,
      "message": "Undefined enum type: eachBubble",
    },
    {
      "code": "PSV6-ENUM-TYPE-MISMATCH",
      "column": 1,
      "line": 189,
      "message": "Type mismatch: expected ranges, got float",
    },
    {
      "code": "PSV6-ENUM-UNDEFINED-TYPE",
      "column": 1,
      "line": 196,
      "message": "Undefined enum type: eachBubble",
    },
    {
      "code": "PSV6-ENUM-UNDEFINED-TYPE",
      "column": 1,
      "line": 212,
      "message": "Undefined enum type: eachBubble",
    },
    {
      "code": "PSV6-ENUM-UNDEFINED-TYPE",
      "column": 1,
      "line": 214,
      "message": "Undefined enum type: eachBubble",
    },
    {
      "code": "PSV6-ENUM-TYPE-MISMATCH",
      "column": 1,
      "line": 217,
      "message": "Type mismatch: expected ranges, got float",
    },
    {
      "code": "PSV6-ENUM-UNDEFINED-TYPE",
      "column": 1,
      "line": 220,
      "message": "Undefined enum type: eachBubble",
    },
    {
      "code": "PSV6-ENUM-UNDEFINED-TYPE",
      "column": 1,
      "line": 221,
      "message": "Undefined enum type: eachBubble",
    },
    {
      "code": "PSV6-ENUM-TYPE-MISMATCH",
      "column": 1,
      "line": 269,
      "message": "Type mismatch: expected histogram, got float",
    },
    {
      "code": "PSV6-ENUM-TYPE-MISMATCH",
      "column": 1,
      "line": 277,
      "message": "Type mismatch: expected histogram, got histogramLevel",
    },
    {
      "code": "PSV6-ENUM-TYPE-MISMATCH",
      "column": 1,
      "line": 283,
      "message": "Type mismatch: expected boxes, got histogramBox",
    },
    {
      "code": "PSV6-ENUM-TYPE-MISMATCH",
      "column": 1,
      "line": 289,
      "message": "Type mismatch: expected b_ox, got bool",
    },
    {
      "code": "PSV6-ENUM-UNDEFINED-TYPE",
      "column": 1,
      "line": 300,
      "message": "Undefined enum type: eachBox",
    },
  ],
  "warnings": [
    {
      "code": "PSV6-SWITCH-NO-DEFAULT",
      "column": 1,
      "line": 257,
      "message": "Switch statement should include a default clause.",
    },
    {
      "code": "PSV6-TYPE-CONDITIONAL-TYPE",
      "column": 1,
      "line": 144,
      "message": "Condition should be boolean, got unknown",
    },
    {
      "code": "PSV6-TYPE-CONVERSION-IMPLICIT-BOOL",
      "column": 1,
      "line": 290,
      "message": "Implicit boolean conversion from unknown",
    },
    {
      "code": "PSV6-TYPE-CONVERSION-IMPLICIT-BOOL",
      "column": 1,
      "line": 308,
      "message": "Implicit boolean conversion from series",
    },
    {
      "code": "PSV6-TYPE-CONDITIONAL-TYPE",
      "column": 1,
      "line": 311,
      "message": "Condition should be boolean, got unknown",
    },
    {
      "code": "PSV6-TYPE-INFERENCE-PARAM-UNKNOWN",
      "column": 1,
      "line": 34,
      "message": "Cannot infer type for parameter options of input.string",
    },
    {
      "code": "PSV6-TYPE-INFERENCE-PARAM-UNKNOWN",
      "column": 1,
      "line": 34,
      "message": "Cannot infer type for parameter 7 of input.string",
    },
    {
      "code": "PSV6-TYPE-INFERENCE-PARAM-UNKNOWN",
      "column": 1,
      "line": 41,
      "message": "Cannot infer type for parameter options of input.string",
    },
    {
      "code": "PSV6-TYPE-INFERENCE-PARAM-UNKNOWN",
      "column": 1,
      "line": 41,
      "message": "Cannot infer type for parameter 7 of input.string",
    },
    {
      "code": "PSV6-TYPE-INFERENCE-PARAM-UNKNOWN",
      "column": 1,
      "line": 179,
      "message": "Cannot infer type for parameter 1 of label.new",
    },
    {
      "code": "PSV6-TYPE-INFERENCE-PARAM-UNKNOWN",
      "column": 1,
      "line": 179,
      "message": "Cannot infer type for parameter style of label.new",
    },
    {
      "code": "PSV6-TYPE-INFERENCE-PARAM-UNKNOWN",
      "column": 1,
      "line": 204,
      "message": "Cannot infer type for parameter 1 of line.new",
    },
    {
      "code": "PSV6-TYPE-INFERENCE-PARAM-UNKNOWN",
      "column": 1,
      "line": 204,
      "message": "Cannot infer type for parameter 2 of line.new",
    },
    {
      "code": "PSV6-TYPE-INFERENCE-PARAM-UNKNOWN",
      "column": 1,
      "line": 204,
      "message": "Cannot infer type for parameter style of line.new",
    },
    {
      "code": "PSV6-TYPE-INFERENCE-PARAM-UNKNOWN",
      "column": 1,
      "line": 244,
      "message": "Cannot infer type for parameter 1 of line.new",
    },
    {
      "code": "PSV6-TYPE-INFERENCE-PARAM-UNKNOWN",
      "column": 1,
      "line": 244,
      "message": "Cannot infer type for parameter 2 of line.new",
    },
    {
      "code": "PSV6-TYPE-INFERENCE-PARAM-UNKNOWN",
      "column": 1,
      "line": 244,
      "message": "Cannot infer type for parameter style of line.new",
    },
    {
      "code": "PSV6-TYPE-INFERENCE-PARAM-UNKNOWN",
      "column": 1,
      "line": 276,
      "message": "Cannot infer type for parameter 1 of math.min",
    },
    {
      "code": "PSV6-TYPE-INFERENCE-PARAM-UNKNOWN",
      "column": 1,
      "line": 295,
      "message": "Cannot infer type for parameter 2 of math.max",
    },
    {
      "code": "PSV6-TYPE-INFERENCE-PARAM-UNKNOWN",
      "column": 1,
      "line": 301,
      "message": "Cannot infer type for parameter 1 of color.from_gradient",
    },
    {
      "code": "PSV6-TYPE-INFERENCE-PARAM-UNKNOWN",
      "column": 1,
      "line": 302,
      "message": "Cannot infer type for parameter 1 of box.new",
    },
    {
      "code": "PSV6-TYPE-INFERENCE-PARAM-UNKNOWN",
      "column": 1,
      "line": 302,
      "message": "Cannot infer type for parameter 2 of box.new",
    },
    {
      "code": "PSV6-TYPE-INFERENCE-PARAM-UNKNOWN",
      "column": 1,
      "line": 302,
      "message": "Cannot infer type for parameter extend of box.new",
    },
    {
      "code": "PSV6-TYPE-SAFETY-NA-COMPARISON",
      "column": 1,
      "line": 150,
      "message": "Comparison with na should use na() function",
    },
    {
      "code": "PSV6-TYPE-SAFETY-NA-FUNCTION",
      "column": 1,
      "line": 162,
      "message": "Use na() function instead of na literal",
    },
    {
      "code": "PSV6-TYPE-SAFETY-NA-FUNCTION",
      "column": 1,
      "line": 170,
      "message": "Use na() function instead of na literal",
    },
    {
      "code": "PSV6-TYPE-SAFETY-NA-FUNCTION",
      "column": 1,
      "line": 171,
      "message": "Use na() function instead of na literal",
    },
    {
      "code": "PSV6-TYPE-SAFETY-NA-FUNCTION",
      "column": 1,
      "line": 173,
      "message": "Use na() function instead of na literal",
    },
    {
      "code": "PSV6-TYPE-SAFETY-NA-FUNCTION",
      "column": 1,
      "line": 174,
      "message": "Use na() function instead of na literal",
    },
    {
      "code": "PSV6-TYPE-SAFETY-NA-FUNCTION",
      "column": 1,
      "line": 176,
      "message": "Use na() function instead of na literal",
    },
    {
      "code": "PSV6-TYPE-SAFETY-NA-FUNCTION",
      "column": 1,
      "line": 177,
      "message": "Use na() function instead of na literal",
    },
    {
      "code": "PSV6-TYPE-SAFETY-NA-FUNCTION",
      "column": 1,
      "line": 179,
      "message": "Use na() function instead of na literal",
    },
    {
      "code": "PSV6-TYPE-SAFETY-NA-FUNCTION",
      "column": 1,
      "line": 193,
      "message": "Use na() function instead of na literal",
    },
    {
      "code": "PSV6-TYPE-SAFETY-NA-FUNCTION",
      "column": 1,
      "line": 194,
      "message": "Use na() function instead of na literal",
    },
    {
      "code": "PSV6-TYPE-SAFETY-NA-COMPARISON",
      "column": 1,
      "line": 201,
      "message": "Comparison with na should use na() function",
    },
    {
      "code": "PSV6-TYPE-SAFETY-NA-FUNCTION",
      "column": 1,
      "line": 204,
      "message": "Use na() function instead of na literal",
    },
    {
      "code": "PSV6-TYPE-SAFETY-NA-FUNCTION",
      "column": 1,
      "line": 223,
      "message": "Use na() function instead of na literal",
    },
    {
      "code": "PSV6-TYPE-SAFETY-NA-FUNCTION",
      "column": 1,
      "line": 225,
      "message": "Use na() function instead of na literal",
    },
    {
      "code": "PSV6-TYPE-SAFETY-NA-FUNCTION",
      "column": 1,
      "line": 226,
      "message": "Use na() function instead of na literal",
    },
    {
      "code": "PSV6-TYPE-SAFETY-NA-FUNCTION",
      "column": 1,
      "line": 227,
      "message": "Use na() function instead of na literal",
    },
    {
      "code": "PSV6-TYPE-SAFETY-NA-FUNCTION",
      "column": 1,
      "line": 229,
      "message": "Use na() function instead of na literal",
    },
    {
      "code": "PSV6-TYPE-SAFETY-NA-FUNCTION",
      "column": 1,
      "line": 231,
      "message": "Use na() function instead of na literal",
    },
    {
      "code": "PSV6-TYPE-SAFETY-NA-FUNCTION",
      "column": 1,
      "line": 232,
      "message": "Use na() function instead of na literal",
    },
    {
      "code": "PSV6-TYPE-SAFETY-NA-FUNCTION",
      "column": 1,
      "line": 233,
      "message": "Use na() function instead of na literal",
    },
    {
      "code": "PSV6-TYPE-SAFETY-NA-FUNCTION",
      "column": 1,
      "line": 244,
      "message": "Use na() function instead of na literal",
    },
    {
      "code": "PSV6-TYPE-SAFETY-NA-FUNCTION",
      "column": 1,
      "line": 302,
      "message": "Use na() function instead of na literal",
    },
    {
      "code": "PSV6-TYPE-CONVERSION-IMPLICIT-BOOL",
      "column": 1,
      "line": 112,
      "message": "Implicit boolean conversion from series",
    },
    {
      "code": "PSV6-TYPE-CONVERSION-IMPLICIT-BOOL",
      "column": 1,
      "line": 201,
      "message": "Implicit boolean conversion from unknown",
    },
    {
      "code": "PSV6-INPUT-OPTIONS-WARNING",
      "column": 23,
      "line": 34,
      "message": "options parameter should be an array",
    },
    {
      "code": "PSV6-INPUT-OPTIONS-WARNING",
      "column": 23,
      "line": 41,
      "message": "options parameter should be an array",
    },
    {
      "code": "PSV6-INPUT-TOO-MANY",
      "column": 1,
      "line": 1,
      "message": "Too many input functions detected (19). Consider grouping related inputs.",
    },
    {
      "code": "PSV6-INPUT-COMPLEX-EXPRESSION",
      "column": 23,
      "line": 44,
      "message": "Complex expression used as input default value. Consider using simpler expressions.",
    },
    {
      "code": "PSV6-INPUT-COMPLEX-EXPRESSION",
      "column": 23,
      "line": 49,
      "message": "Complex expression used as input default value. Consider using simpler expressions.",
    },
    {
      "code": "PSV6-INPUT-COMPLEX-EXPRESSION",
      "column": 23,
      "line": 50,
      "message": "Complex expression used as input default value. Consider using simpler expressions.",
    },
    {
      "code": "PSV6-INPUT-COMPLEX-EXPRESSION",
      "column": 23,
      "line": 51,
      "message": "Complex expression used as input default value. Consider using simpler expressions.",
    },
    {
      "code": "PSV6-INPUT-COMPLEX-EXPRESSION",
      "column": 23,
      "line": 53,
      "message": "Complex expression used as input default value. Consider using simpler expressions.",
    },
    {
      "code": "PSV6-INPUT-COMPLEX-EXPRESSION",
      "column": 23,
      "line": 54,
      "message": "Complex expression used as input default value. Consider using simpler expressions.",
    },
    {
      "code": "PSV6-LABEL-COORDINATE-TYPE",
      "column": 5,
      "line": 179,
      "message": "label.new() parameter 1 should be a valid coordinate",
    },
    {
      "code": "PSV6-LABEL-COORDINATE-TYPE",
      "column": 5,
      "line": 179,
      "message": "label.new() parameter 2 should be a valid coordinate",
    },
    {
      "code": "PSV6-LABEL-TEXT-TYPE",
      "column": 5,
      "line": 179,
      "message": "label.new() text parameter should be a string literal",
    },
    {
      "code": "PSV6-LINE-COORDINATE-TYPE",
      "column": 9,
      "line": 204,
      "message": "line.new() parameter 1 should be a valid coordinate",
    },
    {
      "code": "PSV6-LINE-COORDINATE-TYPE",
      "column": 9,
      "line": 204,
      "message": "line.new() parameter 2 should be a valid coordinate",
    },
    {
      "code": "PSV6-LINE-COORDINATE-TYPE",
      "column": 9,
      "line": 204,
      "message": "line.new() parameter 3 should be a valid coordinate",
    },
    {
      "code": "PSV6-LINE-COORDINATE-TYPE",
      "column": 9,
      "line": 204,
      "message": "line.new() parameter 4 should be a valid coordinate",
    },
    {
      "code": "PSV6-LINE-COORDINATE-TYPE",
      "column": 9,
      "line": 244,
      "message": "line.new() parameter 1 should be a valid coordinate",
    },
    {
      "code": "PSV6-LINE-COORDINATE-TYPE",
      "column": 9,
      "line": 244,
      "message": "line.new() parameter 2 should be a valid coordinate",
    },
    {
      "code": "PSV6-LINE-COORDINATE-TYPE",
      "column": 9,
      "line": 244,
      "message": "line.new() parameter 3 should be a valid coordinate",
    },
    {
      "code": "PSV6-LINE-COORDINATE-TYPE",
      "column": 9,
      "line": 244,
      "message": "line.new() parameter 4 should be a valid coordinate",
    },
    {
      "code": "PSV6-BOX-COORDINATE-TYPE",
      "column": 13,
      "line": 302,
      "message": "box.new() parameter 1 should be a valid coordinate",
    },
    {
      "code": "PSV6-BOX-COORDINATE-TYPE",
      "column": 13,
      "line": 302,
      "message": "box.new() parameter 2 should be a valid coordinate",
    },
    {
      "code": "PSV6-BOX-COORDINATE-TYPE",
      "column": 13,
      "line": 302,
      "message": "box.new() parameter 3 should be a valid coordinate",
    },
    {
      "code": "PSV6-BOX-COORDINATE-TYPE",
      "column": 13,
      "line": 302,
      "message": "box.new() parameter 4 should be a valid coordinate",
    },
    {
      "code": "PSV6-DRAWING-IN-LOOP",
      "column": 5,
      "line": 179,
      "message": "Creating drawing objects in loops may cause performance issues",
    },
    {
      "code": "PSV6-DRAWING-IN-LOOP",
      "column": 9,
      "line": 204,
      "message": "Creating drawing objects in loops may cause performance issues",
    },
    {
      "code": "PSV6-DRAWING-IN-LOOP",
      "column": 9,
      "line": 244,
      "message": "Creating drawing objects in loops may cause performance issues",
    },
    {
      "code": "PSV6-DRAWING-IN-LOOP",
      "column": 13,
      "line": 302,
      "message": "Creating drawing objects in loops may cause performance issues",
    },
    {
      "code": "PSV6-DRAWING-COMPLEX-EXPRESSION",
      "column": 5,
      "line": 179,
      "message": "Complex expressions in drawing functions may cause performance issues",
    },
    {
      "code": "PSV6-DRAWING-COMPLEX-EXPRESSION",
      "column": 9,
      "line": 204,
      "message": "Complex expressions in drawing functions may cause performance issues",
    },
    {
      "code": "PSV6-DRAWING-COMPLEX-EXPRESSION",
      "column": 9,
      "line": 244,
      "message": "Complex expressions in drawing functions may cause performance issues",
    },
    {
      "code": "PSV6-DRAWING-COMPLEX-EXPRESSION",
      "column": 13,
      "line": 302,
      "message": "Complex expressions in drawing functions may cause performance issues",
    },
    {
      "code": "PSV6-POLYLINE-COMPLEXITY",
      "column": 5,
      "line": 206,
      "message": "Complex polyline expression",
    },
    {
      "code": "PSV6-POLYLINE-COMPLEXITY",
      "column": 5,
      "line": 246,
      "message": "Complex polyline expression",
    },
    {
      "code": "PSV6-POLYLINE-COMPLEXITY",
      "column": 5,
      "line": 247,
      "message": "Complex polyline expression",
    },
    {
      "code": "PSV6-STR-PERF-CONCAT",
      "column": 1,
      "line": 114,
      "message": "Excessive string concatenation",
    },
    {
      "code": "PSV6-STR-PERF-CONCAT",
      "column": 1,
      "line": 163,
      "message": "Excessive string concatenation",
    },
    {
      "code": "PSV6-FUNCTION-STYLE-DOCS",
      "column": 1,
      "line": 106,
      "message": "Function 'fetchData' should have documentation comment above it",
    },
    {
      "code": "PSV6-FUNCTION-STYLE-DOCS",
      "column": 1,
      "line": 138,
      "message": "Function 'fetchBubbles' should have documentation comment above it",
    },
    {
      "code": "PSV6-FUNCTION-STYLE-DOCS",
      "column": 1,
      "line": 162,
      "message": "Function 'coordinates' should have documentation comment above it",
    },
    {
      "code": "PSV6-FUNCTION-STYLE-DOCS",
      "column": 1,
      "line": 167,
      "message": "Function 'drawLabel' should have documentation comment above it",
    },
    {
      "code": "PSV6-FUNCTION-STYLE-DOCS",
      "column": 1,
      "line": 208,
      "message": "Function 'drawSplitBubble' should have documentation comment above it",
    },
    {
      "code": "PSV6-FUNCTION-STYLE-DOCS",
      "column": 1,
      "line": 262,
      "message": "Function 'drawHistogram' should have documentation comment above it",
    },
    {
      "code": "PSV6-FUNCTION-PERF-DUPLICATE",
      "column": 1,
      "line": 124,
      "message": "Function call 'bars.size()' is repeated 3 times. Consider caching the result to improve performance",
    },
    {
      "code": "PSV6-FUNCTION-PERF-DUPLICATE",
      "column": 1,
      "line": 151,
      "message": "Function call 'bubbles.last()' is repeated 4 times. Consider caching the result to improve performance",
    },
    {
      "code": "PSV6-FUNCTION-PERF-DUPLICATE",
      "column": 1,
      "line": 158,
      "message": "Function call 'buyVolume.sum()' is repeated 5 times. Consider caching the result to improve performance",
    },
    {
      "code": "PSV6-FUNCTION-PERF-DUPLICATE",
      "column": 1,
      "line": 158,
      "message": "Function call 'sellVolume.sum()' is repeated 6 times. Consider caching the result to improve performance",
    },
    {
      "code": "PSV6-FUNCTION-PERF-DUPLICATE",
      "column": 1,
      "line": 159,
      "message": "Function call 'highs.max()' is repeated 3 times. Consider caching the result to improve performance",
    },
    {
      "code": "PSV6-FUNCTION-PERF-DUPLICATE",
      "column": 1,
      "line": 159,
      "message": "Function call 'lows.min()' is repeated 5 times. Consider caching the result to improve performance",
    },
    {
      "code": "PSV6-FUNCTION-PERF-DUPLICATE",
      "column": 1,
      "line": 170,
      "message": "Function call 'coordinates(anchorBar, anchorPrice, angle, radiusBar, radiusPrice)' is repeated 3 times. Consider caching the result to improve performance",
    },
    {
      "code": "PSV6-FUNCTION-PERF-DUPLICATE",
      "column": 1,
      "line": 171,
      "message": "Function call 'point.new(na,x,y)' is repeated 3 times. Consider caching the result to improve performance",
    },
    {
      "code": "PSV6-STYLE-COMPLEXITY",
      "column": 1,
      "line": 262,
      "message": "Function 'drawHistogram' has high complexity (19). Consider breaking it into smaller functions",
    },
    {
      "code": "PSV6-MATH-PERF-NESTED",
      "column": 1,
      "line": 163,
      "message": "Multiple Math operations on one line",
    },
    {
      "code": "PSV6-MATH-PERF-NESTED",
      "column": 1,
      "line": 164,
      "message": "Multiple Math operations on one line",
    },
    {
      "code": "PSV6-MATH-PERF-LOOP",
      "column": 26,
      "line": 266,
      "message": "Math operation in loop",
    },
    {
      "code": "PSV6-MATH-PERF-LOOP",
      "column": 43,
      "line": 275,
      "message": "Math operation in loop",
    },
    {
      "code": "PSV6-MATH-PERF-LOOP",
      "column": 44,
      "line": 276,
      "message": "Math operation in loop",
    },
    {
      "code": "PSV6-MATH-PERF-MANY",
      "column": 0,
      "line": 0,
      "message": "Too many Math function calls (22). Consider optimizing for better performance.",
    },
    {
      "code": "PSV6-MATH-PERF-LOOP",
      "column": 36,
      "line": 295,
      "message": "Math operation in loop",
    },
    {
      "code": "PS018",
      "column": 1,
      "line": 296,
      "message": "Indentation does not match previous block level.",
    },
    {
      "code": "PSU02",
      "column": 91,
      "line": 44,
      "message": "Potential undefined reference 'group'.",
    },
    {
      "code": "PSU02",
      "column": 116,
      "line": 44,
      "message": "Potential undefined reference 'inline'.",
    },
    {
      "code": "PSU02",
      "column": 93,
      "line": 49,
      "message": "Potential undefined reference 'group'.",
    },
    {
      "code": "PSU02",
      "column": 118,
      "line": 49,
      "message": "Potential undefined reference 'inline'.",
    },
    {
      "code": "PSU02",
      "column": 91,
      "line": 50,
      "message": "Potential undefined reference 'group'.",
    },
    {
      "code": "PSU02",
      "column": 116,
      "line": 50,
      "message": "Potential undefined reference 'inline'.",
    },
    {
      "code": "PSU02",
      "column": 91,
      "line": 51,
      "message": "Potential undefined reference 'group'.",
    },
    {
      "code": "PSU02",
      "column": 116,
      "line": 51,
      "message": "Potential undefined reference 'inline'.",
    },
    {
      "code": "PSU02",
      "column": 93,
      "line": 53,
      "message": "Potential undefined reference 'group'.",
    },
    {
      "code": "PSU02",
      "column": 117,
      "line": 53,
      "message": "Potential undefined reference 'inline'.",
    },
    {
      "code": "PSU02",
      "column": 93,
      "line": 54,
      "message": "Potential undefined reference 'group'.",
    },
    {
      "code": "PSU02",
      "column": 117,
      "line": 54,
      "message": "Potential undefined reference 'inline'.",
    },
    {
      "code": "PSU02",
      "column": 26,
      "line": 143,
      "message": "Potential undefined reference 'in'.",
    },
    {
      "code": "PSU02",
      "column": 53,
      "line": 162,
      "message": "Potential undefined reference 'angle'.",
    },
    {
      "code": "PSU02",
      "column": 77,
      "line": 163,
      "message": "Potential undefined reference 'angle'.",
    },
    {
      "code": "PSU02",
      "column": 61,
      "line": 164,
      "message": "Potential undefined reference 'angle'.",
    },
    {
      "code": "PSU02",
      "column": 18,
      "line": 167,
      "message": "Potential undefined reference 'switchData'.",
    },
    {
      "code": "PSU02",
      "column": 108,
      "line": 167,
      "message": "Potential undefined reference 'angle'.",
    },
    {
      "code": "PSU02",
      "column": 6,
      "line": 168,
      "message": "Potential undefined reference 'labelPoint'.",
    },
    {
      "code": "PSU02",
      "column": 18,
      "line": 168,
      "message": "Potential undefined reference 'labelStyle'.",
    },
    {
      "code": "PSU02",
      "column": 39,
      "line": 168,
      "message": "Potential undefined reference 'switchData'.",
    },
    {
      "code": "PSU02",
      "column": 58,
      "line": 170,
      "message": "Potential undefined reference 'angle'.",
    },
    {
      "code": "PSU02",
      "column": 58,
      "line": 173,
      "message": "Potential undefined reference 'angle'.",
    },
    {
      "code": "PSU02",
      "column": 58,
      "line": 176,
      "message": "Potential undefined reference 'angle'.",
    },
    {
      "code": "PSU02",
      "column": 15,
      "line": 179,
      "message": "Potential undefined reference 'labelPoint'.",
    },
    {
      "code": "PSU02",
      "column": 68,
      "line": 179,
      "message": "Potential undefined reference 'textcolor'.",
    },
    {
      "code": "PSU02",
      "column": 125,
      "line": 179,
      "message": "Potential undefined reference 'style'.",
    },
    {
      "code": "PSU02",
      "column": 133,
      "line": 179,
      "message": "Potential undefined reference 'labelStyle'.",
    },
    {
      "code": "PSU02",
      "column": 23,
      "line": 181,
      "message": "Potential undefined reference 'eachBubble'.",
    },
    {
      "code": "PSU02",
      "column": 40,
      "line": 181,
      "message": "Potential undefined reference 'deltaBubble'.",
    },
    {
      "code": "PSU02",
      "column": 39,
      "line": 183,
      "message": "Potential undefined reference 'eachBubble'.",
    },
    {
      "code": "PSU02",
      "column": 68,
      "line": 184,
      "message": "Potential undefined reference 'eachBubble'.",
    },
    {
      "code": "PSU02",
      "column": 93,
      "line": 184,
      "message": "Potential undefined reference 'eachBubble'.",
    },
    {
      "code": "PSU02",
      "column": 48,
      "line": 186,
      "message": "Potential undefined reference 'eachBubble'.",
    },
    {
      "code": "PSU02",
      "column": 78,
      "line": 186,
      "message": "Potential undefined reference 'deltaBubble'.",
    },
    {
      "code": "PSU02",
      "column": 103,
      "line": 186,
      "message": "Potential undefined reference 'eachBubble'.",
    },
    {
      "code": "PSU02",
      "column": 56,
      "line": 187,
      "message": "Potential undefined reference 'deltaBubble'.",
    },
    {
      "code": "PSU02",
      "column": 56,
      "line": 188,
      "message": "Potential undefined reference 'eachBubble'.",
    },
    {
      "code": "PSU02",
      "column": 54,
      "line": 189,
      "message": "Potential undefined reference 'eachBubble'.",
    },
    {
      "code": "PSU02",
      "column": 27,
      "line": 196,
      "message": "Potential undefined reference 'eachBubble'.",
    },
    {
      "code": "PSU02",
      "column": 56,
      "line": 196,
      "message": "Potential undefined reference 'eachBubble'.",
    },
    {
      "code": "PSU02",
      "column": 37,
      "line": 204,
      "message": "Potential undefined reference 'eachBubble'.",
    },
    {
      "code": "PSU02",
      "column": 60,
      "line": 204,
      "message": "Potential undefined reference 'eachBubble'.",
    },
    {
      "code": "PSU02",
      "column": 103,
      "line": 204,
      "message": "Potential undefined reference 'eachBubble'.",
    },
    {
      "code": "PSU02",
      "column": 126,
      "line": 204,
      "message": "Potential undefined reference 'eachBubble'.",
    },
    {
      "code": "PSU02",
      "column": 178,
      "line": 204,
      "message": "Potential undefined reference 'style'.",
    },
    {
      "code": "PSU02",
      "column": 84,
      "line": 206,
      "message": "Potential undefined reference 'fill_color'.",
    },
    {
      "code": "PSU02",
      "column": 24,
      "line": 208,
      "message": "Potential undefined reference 'eachBubble'.",
    },
    {
      "code": "PSU02",
      "column": 43,
      "line": 212,
      "message": "Potential undefined reference 'eachBubble'.",
    },
    {
      "code": "PSU02",
      "column": 72,
      "line": 213,
      "message": "Potential undefined reference 'eachBubble'.",
    },
    {
      "code": "PSU02",
      "column": 97,
      "line": 213,
      "message": "Potential undefined reference 'eachBubble'.",
    },
    {
      "code": "PSU02",
      "column": 43,
      "line": 214,
      "message": "Potential undefined reference 'eachBubble'.",
    },
    {
      "code": "PSU02",
      "column": 72,
      "line": 214,
      "message": "Potential undefined reference 'eachBubble'.",
    },
    {
      "code": "PSU02",
      "column": 60,
      "line": 216,
      "message": "Potential undefined reference 'eachBubble'.",
    },
    {
      "code": "PSU02",
      "column": 58,
      "line": 217,
      "message": "Potential undefined reference 'eachBubble'.",
    },
    {
      "code": "PSU02",
      "column": 43,
      "line": 220,
      "message": "Potential undefined reference 'eachBubble'.",
    },
    {
      "code": "PSU02",
      "column": 43,
      "line": 221,
      "message": "Potential undefined reference 'eachBubble'.",
    },
    {
      "code": "PSU02",
      "column": 36,
      "line": 240,
      "message": "Potential undefined reference 'eachBubble'.",
    },
    {
      "code": "PSU02",
      "column": 37,
      "line": 241,
      "message": "Potential undefined reference 'eachBubble'.",
    },
    {
      "code": "PSU02",
      "column": 37,
      "line": 244,
      "message": "Potential undefined reference 'eachBubble'.",
    },
    {
      "code": "PSU02",
      "column": 60,
      "line": 244,
      "message": "Potential undefined reference 'eachBubble'.",
    },
    {
      "code": "PSU02",
      "column": 103,
      "line": 244,
      "message": "Potential undefined reference 'eachBubble'.",
    },
    {
      "code": "PSU02",
      "column": 126,
      "line": 244,
      "message": "Potential undefined reference 'eachBubble'.",
    },
    {
      "code": "PSU02",
      "column": 178,
      "line": 244,
      "message": "Potential undefined reference 'style'.",
    },
    {
      "code": "PSU02",
      "column": 89,
      "line": 246,
      "message": "Potential undefined reference 'fill_color'.",
    },
    {
      "code": "PSU02",
      "column": 89,
      "line": 247,
      "message": "Potential undefined reference 'fill_color'.",
    },
    {
      "code": "PSU02",
      "column": 9,
      "line": 250,
      "message": "Potential undefined reference 'eachPolyline'.",
    },
    {
      "code": "PSU02",
      "column": 22,
      "line": 250,
      "message": "Potential undefined reference 'in'.",
    },
    {
      "code": "PSU02",
      "column": 9,
      "line": 251,
      "message": "Potential undefined reference 'eachPolyline'.",
    },
    {
      "code": "PSU02",
      "column": 9,
      "line": 252,
      "message": "Potential undefined reference 'eachLabel'.",
    },
    {
      "code": "PSU02",
      "column": 19,
      "line": 252,
      "message": "Potential undefined reference 'in'.",
    },
    {
      "code": "PSU02",
      "column": 9,
      "line": 253,
      "message": "Potential undefined reference 'eachLabel'.",
    },
    {
      "code": "PSU02",
      "column": 9,
      "line": 254,
      "message": "Potential undefined reference 'eachLine'.",
    },
    {
      "code": "PSU02",
      "column": 18,
      "line": 254,
      "message": "Potential undefined reference 'in'.",
    },
    {
      "code": "PSU02",
      "column": 9,
      "line": 255,
      "message": "Potential undefined reference 'eachLine'.",
    },
    {
      "code": "PSU02",
      "column": 9,
      "line": 256,
      "message": "Potential undefined reference 'eachBubble'.",
    },
    {
      "code": "PSU02",
      "column": 20,
      "line": 256,
      "message": "Potential undefined reference 'in'.",
    },
    {
      "code": "PSU02",
      "column": 39,
      "line": 258,
      "message": "Potential undefined reference 'eachBubble'.",
    },
    {
      "code": "PSU02",
      "column": 40,
      "line": 259,
      "message": "Potential undefined reference 'eachBubble'.",
    },
    {
      "code": "PSU02",
      "column": 39,
      "line": 260,
      "message": "Potential undefined reference 'eachBubble'.",
    },
    {
      "code": "PSU02",
      "column": 9,
      "line": 263,
      "message": "Potential undefined reference 'eachBox'.",
    },
    {
      "code": "PSU02",
      "column": 17,
      "line": 263,
      "message": "Potential undefined reference 'in'.",
    },
    {
      "code": "PSU02",
      "column": 9,
      "line": 264,
      "message": "Potential undefined reference 'eachBox'.",
    },
    {
      "code": "PSU02",
      "column": 25,
      "line": 274,
      "message": "Potential undefined reference 'in'.",
    },
    {
      "code": "PSU02",
      "column": 27,
      "line": 298,
      "message": "Potential undefined reference 'in'.",
    },
    {
      "code": "PSU02",
      "column": 13,
      "line": 299,
      "message": "Potential undefined reference 'eachBox'.",
    },
    {
      "code": "PSU02",
      "column": 21,
      "line": 299,
      "message": "Potential undefined reference 'in'.",
    },
    {
      "code": "PSU02",
      "column": 39,
      "line": 300,
      "message": "Potential undefined reference 'eachBox'.",
    },
    {
      "code": "PSU02",
      "column": 40,
      "line": 302,
      "message": "Potential undefined reference 'eachBox'.",
    },
    {
      "code": "PSU02",
      "column": 91,
      "line": 302,
      "message": "Potential undefined reference 'eachBox'.",
    },
    {
      "code": "PSU02",
      "column": 134,
      "line": 302,
      "message": "Potential undefined reference 'eachBox'.",
    },
    {
      "code": "PSU02",
      "column": 150,
      "line": 302,
      "message": "Potential undefined reference 'border_color'.",
    },
    {
      "code": "PSU03",
      "column": 1,
      "line": 1,
      "message": "Variable 'rowSize' may be used before declaration.",
    },
    {
      "code": "PSU03",
      "column": 1,
      "line": 1,
      "message": "Variable 'lastBar' may be used before declaration.",
    },
    {
      "code": "PSU03",
      "column": 1,
      "line": 1,
      "message": "Variable 'maxVolume' may be used before declaration.",
    },
    {
      "code": "PSV6-FOR-DYNAMIC-END",
      "column": 1,
      "line": 224,
      "message": "For-loop end bound is dynamic; verify correctness and performance.",
    },
    {
      "code": "PSV6-FOR-DYNAMIC-START",
      "column": 1,
      "line": 230,
      "message": "For-loop start bound is dynamic; verify correctness and performance.",
    },
    {
      "code": "PSV6-FOR-DYNAMIC-END",
      "column": 1,
      "line": 230,
      "message": "For-loop end bound is dynamic; verify correctness and performance.",
    },
    {
      "code": "PSV6-FOR-DYNAMIC-END",
      "column": 1,
      "line": 268,
      "message": "For-loop end bound is dynamic; verify correctness and performance.",
    },
    {
      "code": "PSV6-MEMORY-ARRAYS",
      "column": 1,
      "line": 1,
      "message": "Excessive array usage detected: 11 arrays. This may impact performance.",
    },
    {
      "code": "PSV6-QUALITY-COMPLEXITY",
      "column": 0,
      "line": 1,
      "message": "Script has high cyclomatic complexity (50). Consider breaking it into smaller functions.",
    },
    {
      "code": "PSV6-QUALITY-DEPTH",
      "column": 0,
      "line": 291,
      "message": "Excessive nesting depth detected (5 levels). Consider extracting nested logic into separate functions.",
    },
    {
      "code": "PSV6-ARRAY-PERF-ALLOCATION",
      "column": 1,
      "line": 1,
      "message": "Too many array allocations (11). Consider reusing arrays or using fewer arrays.",
    },
    {
      "code": "PSV6-ENUM-COMPARISON-TYPE-MISMATCH",
      "column": 1,
      "line": 44,
      "message": "Comparing enum values from different types",
    },
    {
      "code": "PSV6-ENUM-COMPARISON-TYPE-MISMATCH",
      "column": 1,
      "line": 49,
      "message": "Comparing enum values from different types",
    },
    {
      "code": "PSV6-ENUM-COMPARISON-TYPE-MISMATCH",
      "column": 1,
      "line": 50,
      "message": "Comparing enum values from different types",
    },
    {
      "code": "PSV6-ENUM-COMPARISON-TYPE-MISMATCH",
      "column": 1,
      "line": 51,
      "message": "Comparing enum values from different types",
    },
    {
      "code": "PSV6-ENUM-COMPARISON-TYPE-MISMATCH",
      "column": 1,
      "line": 53,
      "message": "Comparing enum values from different types",
    },
    {
      "code": "PSV6-ENUM-COMPARISON-TYPE-MISMATCH",
      "column": 1,
      "line": 54,
      "message": "Comparing enum values from different types",
    },
    {
      "code": "PSV6-ENUM-COMPARISON-TYPE-MISMATCH",
      "column": 1,
      "line": 97,
      "message": "Comparing enum values from different types",
    },
    {
      "code": "PSV6-ENUM-COMPARISON-TYPE-MISMATCH",
      "column": 1,
      "line": 128,
      "message": "Comparing enum values from different types",
    },
    {
      "code": "PSV6-ENUM-COMPARISON-TYPE-MISMATCH",
      "column": 1,
      "line": 129,
      "message": "Comparing enum values from different types",
    },
    {
      "code": "PSV6-ENUM-COMPARISON-TYPE-MISMATCH",
      "column": 1,
      "line": 135,
      "message": "Comparing enum values from different types",
    },
    {
      "code": "PSV6-ENUM-COMPARISON-TYPE-MISMATCH",
      "column": 1,
      "line": 136,
      "message": "Comparing enum values from different types",
    },
    {
      "code": "PSV6-ENUM-COMPARISON-TYPE-MISMATCH",
      "column": 1,
      "line": 145,
      "message": "Comparing enum values from different types",
    },
    {
      "code": "PSV6-ENUM-COMPARISON-TYPE-MISMATCH",
      "column": 1,
      "line": 152,
      "message": "Comparing enum values from different types",
    },
    {
      "code": "PSV6-ENUM-COMPARISON-TYPE-MISMATCH",
      "column": 1,
      "line": 153,
      "message": "Comparing enum values from different types",
    },
    {
      "code": "PSV6-ENUM-COMPARISON-TYPE-MISMATCH",
      "column": 1,
      "line": 154,
      "message": "Comparing enum values from different types",
    },
    {
      "code": "PSV6-ENUM-COMPARISON-TYPE-MISMATCH",
      "column": 1,
      "line": 155,
      "message": "Comparing enum values from different types",
    },
    {
      "code": "PSV6-ENUM-COMPARISON-TYPE-MISMATCH",
      "column": 1,
      "line": 156,
      "message": "Comparing enum values from different types",
    },
    {
      "code": "PSV6-ENUM-COMPARISON-TYPE-MISMATCH",
      "column": 1,
      "line": 158,
      "message": "Comparing enum values from different types",
    },
    {
      "code": "PSV6-ENUM-COMPARISON-TYPE-MISMATCH",
      "column": 1,
      "line": 159,
      "message": "Comparing enum values from different types",
    },
    {
      "code": "PSV6-ENUM-COMPARISON-TYPE-MISMATCH",
      "column": 1,
      "line": 160,
      "message": "Comparing enum values from different types",
    },
    {
      "code": "PSV6-ENUM-COMPARISON-TYPE-MISMATCH",
      "column": 1,
      "line": 171,
      "message": "Comparing enum values from different types",
    },
    {
      "code": "PSV6-ENUM-COMPARISON-TYPE-MISMATCH",
      "column": 1,
      "line": 174,
      "message": "Comparing enum values from different types",
    },
    {
      "code": "PSV6-ENUM-COMPARISON-TYPE-MISMATCH",
      "column": 1,
      "line": 177,
      "message": "Comparing enum values from different types",
    },
    {
      "code": "PSV6-ENUM-COMPARISON-TYPE-MISMATCH",
      "column": 1,
      "line": 179,
      "message": "Comparing enum values from different types",
    },
    {
      "code": "PSV6-ENUM-COMPARISON-TYPE-MISMATCH",
      "column": 1,
      "line": 182,
      "message": "Comparing enum values from different types",
    },
    {
      "code": "PSV6-ENUM-COMPARISON-TYPE-MISMATCH",
      "column": 1,
      "line": 184,
      "message": "Comparing enum values from different types",
    },
    {
      "code": "PSV6-ENUM-COMPARISON-TYPE-MISMATCH",
      "column": 1,
      "line": 186,
      "message": "Comparing enum values from different types",
    },
    {
      "code": "PSV6-ENUM-COMPARISON-TYPE-MISMATCH",
      "column": 1,
      "line": 187,
      "message": "Comparing enum values from different types",
    },
    {
      "code": "PSV6-ENUM-COMPARISON-TYPE-MISMATCH",
      "column": 1,
      "line": 188,
      "message": "Comparing enum values from different types",
    },
    {
      "code": "PSV6-ENUM-COMPARISON-TYPE-MISMATCH",
      "column": 1,
      "line": 189,
      "message": "Comparing enum values from different types",
    },
    {
      "code": "PSV6-ENUM-COMPARISON-TYPE-MISMATCH",
      "column": 1,
      "line": 194,
      "message": "Comparing enum values from different types",
    },
    {
      "code": "PSV6-ENUM-COMPARISON-TYPE-MISMATCH",
      "column": 1,
      "line": 204,
      "message": "Comparing enum values from different types",
    },
    {
      "code": "PSV6-ENUM-COMPARISON-TYPE-MISMATCH",
      "column": 1,
      "line": 206,
      "message": "Comparing enum values from different types",
    },
    {
      "code": "PSV6-ENUM-COMPARISON-TYPE-MISMATCH",
      "column": 1,
      "line": 209,
      "message": "Comparing enum values from different types",
    },
    {
      "code": "PSV6-ENUM-COMPARISON-TYPE-MISMATCH",
      "column": 1,
      "line": 210,
      "message": "Comparing enum values from different types",
    },
    {
      "code": "PSV6-ENUM-COMPARISON-TYPE-MISMATCH",
      "column": 1,
      "line": 213,
      "message": "Comparing enum values from different types",
    },
    {
      "code": "PSV6-ENUM-COMPARISON-TYPE-MISMATCH",
      "column": 1,
      "line": 216,
      "message": "Comparing enum values from different types",
    },
    {
      "code": "PSV6-ENUM-COMPARISON-TYPE-MISMATCH",
      "column": 1,
      "line": 217,
      "message": "Comparing enum values from different types",
    },
    {
      "code": "PSV6-ENUM-COMPARISON-TYPE-MISMATCH",
      "column": 1,
      "line": 223,
      "message": "Comparing enum values from different types",
    },
    {
      "code": "PSV6-ENUM-COMPARISON-TYPE-MISMATCH",
      "column": 1,
      "line": 226,
      "message": "Comparing enum values from different types",
    },
    {
      "code": "PSV6-ENUM-COMPARISON-TYPE-MISMATCH",
      "column": 1,
      "line": 227,
      "message": "Comparing enum values from different types",
    },
    {
      "code": "PSV6-ENUM-COMPARISON-TYPE-MISMATCH",
      "column": 1,
      "line": 229,
      "message": "Comparing enum values from different types",
    },
    {
      "code": "PSV6-ENUM-COMPARISON-TYPE-MISMATCH",
      "column": 1,
      "line": 232,
      "message": "Comparing enum values from different types",
    },
    {
      "code": "PSV6-ENUM-COMPARISON-TYPE-MISMATCH",
      "column": 1,
      "line": 233,
      "message": "Comparing enum values from different types",
    },
    {
      "code": "PSV6-ENUM-COMPARISON-TYPE-MISMATCH",
      "column": 1,
      "line": 240,
      "message": "Comparing enum values from different types",
    },
    {
      "code": "PSV6-ENUM-COMPARISON-TYPE-MISMATCH",
      "column": 1,
      "line": 241,
      "message": "Comparing enum values from different types",
    },
    {
      "code": "PSV6-ENUM-COMPARISON-TYPE-MISMATCH",
      "column": 1,
      "line": 244,
      "message": "Comparing enum values from different types",
    },
    {
      "code": "PSV6-ENUM-COMPARISON-TYPE-MISMATCH",
      "column": 1,
      "line": 246,
      "message": "Comparing enum values from different types",
    },
    {
      "code": "PSV6-ENUM-COMPARISON-TYPE-MISMATCH",
      "column": 1,
      "line": 247,
      "message": "Comparing enum values from different types",
    },
    {
      "code": "PSV6-ENUM-COMPARISON-TYPE-MISMATCH",
      "column": 1,
      "line": 266,
      "message": "Comparing enum values from different types",
    },
    {
      "code": "PSV6-ENUM-COMPARISON-TYPE-MISMATCH",
      "column": 1,
      "line": 271,
      "message": "Comparing enum values from different types",
    },
    {
      "code": "PSV6-ENUM-COMPARISON-TYPE-MISMATCH",
      "column": 1,
      "line": 275,
      "message": "Comparing enum values from different types",
    },
    {
      "code": "PSV6-ENUM-COMPARISON-TYPE-MISMATCH",
      "column": 1,
      "line": 276,
      "message": "Comparing enum values from different types",
    },
    {
      "code": "PSV6-ENUM-COMPARISON-TYPE-MISMATCH",
      "column": 1,
      "line": 281,
      "message": "Comparing enum values from different types",
    },
    {
      "code": "PSV6-ENUM-COMPARISON-TYPE-MISMATCH",
      "column": 1,
      "line": 284,
      "message": "Comparing enum values from different types",
    },
    {
      "code": "PSV6-ENUM-COMPARISON-TYPE-MISMATCH",
      "column": 1,
      "line": 287,
      "message": "Comparing enum values from different types",
    },
    {
      "code": "PSV6-ENUM-COMPARISON-TYPE-MISMATCH",
      "column": 1,
      "line": 291,
      "message": "Comparing enum values from different types",
    },
    {
      "code": "PSV6-ENUM-COMPARISON-TYPE-MISMATCH",
      "column": 1,
      "line": 292,
      "message": "Comparing enum values from different types",
    },
    {
      "code": "PSV6-ENUM-COMPARISON-TYPE-MISMATCH",
      "column": 1,
      "line": 294,
      "message": "Comparing enum values from different types",
    },
    {
      "code": "PSV6-ENUM-COMPARISON-TYPE-MISMATCH",
      "column": 1,
      "line": 295,
      "message": "Comparing enum values from different types",
    },
    {
      "code": "PSV6-ENUM-COMPARISON-TYPE-MISMATCH",
      "column": 1,
      "line": 300,
      "message": "Comparing enum values from different types",
    },
    {
      "code": "PSV6-ENUM-COMPARISON-TYPE-MISMATCH",
      "column": 1,
      "line": 302,
      "message": "Comparing enum values from different types",
    },
    {
      "code": "PSV6-UDT-NO-FIELDS",
      "column": 1,
      "line": 66,
      "message": "Type 'bubble' should have at least one field.",
    },
    {
      "code": "PSV6-HISTORY-FUNCTION-PARAM",
      "column": 1,
      "line": 5,
      "message": "History reference 'Heatmap[LuxAlgo]' in function parameter. Consider passing the historical value to a variable first",
    },
    {
      "code": "PSV6-STYLE-COMPLEXITY",
      "column": 1,
      "line": 262,
      "message": "Function 'drawHistogram' has high complexity (17 conditions).",
    },
  ],
}
`;
